2026-04-13T06:10:25Z

Validation summary:
- npm run lint -w extension
- npm run typecheck -w extension
- npm test -w extension
- Result: PASS
- Tests: 58 files, 253 tests passed.
